// Jest Snapshot v1, https://goo.gl/fbAQLP

exports[`renders correctly 1`] = `
<div
  className="w-75 border-0 mx-auto mt-5 card"
>
  <div
    className="card-body"
  >
    <blockquote
      className="blockquote mb-0"
    >
      <p
        className="fs-2 mt-5"
      >
         
        Mathematics is not about numbers, equations, computations or algorithms;
        <br />
         
        itâ€˜s about understanding.
         
      </p>
      <footer
        className="blockquote-footer"
      >
        <cite
          title="Source Title"
        >
          William Paul Thurston
        </cite>
      </footer>
    </blockquote>
  </div>
</div>
`;
